// Jest Snapshot v1, https://goo.gl/fbAQLP

exports[`groups/VersionCountTimeline Timeline smoke-test 1`] = `
<div class="MuiGrid-root MuiGrid-container MuiGrid-spacing-xs-2 css-ofrcno-MuiGrid-root">
  <div class="MuiGrid-root MuiGrid-item MuiGrid-grid-xs-12 css-1idn90j-MuiGrid-root">
    <div class="recharts-wrapper"
         style="position: relative; cursor: default; width: 500px; height: 400px;"
    >
      <svg class="recharts-surface"
           width="500"
           height="400"
           viewbox="0 0 500 400"
           style="width: 100%; height: 100%;"
      >
        <title>
        </title>
        <desc>
        </desc>
        <defs>
          <clipPath id="recharts1-clip">
            <rect x="60"
                  y="10"
                  height="360"
                  width="410"
            >
            </rect>
          </clipPath>
        </defs>
        <g class="recharts-cartesian-grid">
          <g class="recharts-cartesian-grid-horizontal">
            <line stroke-dasharray="3 3"
                  stroke="#ccc"
                  fill="none"
                  x="60"
                  y="10"
                  width="410"
                  height="360"
                  x1="60"
                  y1="370"
                  x2="470"
                  y2="370"
            >
            </line>
            <line stroke-dasharray="3 3"
                  stroke="#ccc"
                  fill="none"
                  x="60"
                  y="10"
                  width="410"
                  height="360"
                  x1="60"
                  y1="280"
                  x2="470"
                  y2="280"
            >
            </line>
            <line stroke-dasharray="3 3"
                  stroke="#ccc"
                  fill="none"
                  x="60"
                  y="10"
                  width="410"
                  height="360"
                  x1="60"
                  y1="190"
                  x2="470"
                  y2="190"
            >
            </line>
            <line stroke-dasharray="3 3"
                  stroke="#ccc"
                  fill="none"
                  x="60"
                  y="10"
                  width="410"
                  height="360"
                  x1="60"
                  y1="100"
                  x2="470"
                  y2="100"
            >
            </line>
            <line stroke-dasharray="3 3"
                  stroke="#ccc"
                  fill="none"
                  x="60"
                  y="10"
                  width="410"
                  height="360"
                  x1="60"
                  y1="10"
                  x2="470"
                  y2="10"
            >
            </line>
          </g>
          <g class="recharts-cartesian-grid-vertical">
            <line stroke-dasharray="3 3"
                  stroke="#ccc"
                  fill="none"
                  x="60"
                  y="10"
                  width="410"
                  height="360"
                  x1="203.64792743055554"
                  y1="10"
                  x2="203.64792743055554"
                  y2="370"
            >
            </line>
            <line stroke-dasharray="3 3"
                  stroke="#ccc"
                  fill="none"
                  x="60"
                  y="10"
                  width="410"
                  height="360"
                  x1="101.14792743055557"
                  y1="10"
                  x2="101.14792743055557"
                  y2="370"
            >
            </line>
            <line stroke-dasharray="3 3"
                  stroke="#ccc"
                  fill="none"
                  x="60"
                  y="10"
                  width="410"
                  height="360"
                  x1="408.64792743055557"
                  y1="10"
                  x2="408.64792743055557"
                  y2="370"
            >
            </line>
            <line stroke-dasharray="3 3"
                  stroke="#ccc"
                  fill="none"
                  x="60"
                  y="10"
                  width="410"
                  height="360"
                  x1="306.14792743055557"
                  y1="10"
                  x2="306.14792743055557"
                  y2="370"
            >
            </line>
            <line stroke-dasharray="3 3"
                  stroke="#ccc"
                  fill="none"
                  x="60"
                  y="10"
                  width="410"
                  height="360"
                  x1="60"
                  y1="10"
                  x2="60"
                  y2="370"
            >
            </line>
            <line stroke-dasharray="3 3"
                  stroke="#ccc"
                  fill="none"
                  x="60"
                  y="10"
                  width="410"
                  height="360"
                  x1="470"
                  y1="10"
                  x2="470"
                  y2="370"
            >
            </line>
          </g>
        </g>
        <g class="recharts-layer recharts-cartesian-axis recharts-xAxis xAxis">
          <line orientation="bottom"
                width="410"
                height="30"
                stroke="#000"
                x="60"
                y="370"
                class="recharts-cartesian-axis-line"
                fill="none"
                x1="60"
                y1="370"
                x2="470"
                y2="370"
          >
          </line>
          <g class="recharts-cartesian-axis-ticks">
            <g class="recharts-layer recharts-cartesian-axis-tick">
              <line orientation="bottom"
                    width="410"
                    height="30"
                    stroke="#000"
                    x="60"
                    y="370"
                    class="recharts-cartesian-axis-tick-line"
                    fill="none"
                    x1="203.64792743055554"
                    y1="376"
                    x2="203.64792743055554"
                    y2="370"
              >
              </line>
              <text orientation="bottom"
                    width="410"
                    height="30"
                    stroke="none"
                    x="203.64792743055554"
                    y="378"
                    class="recharts-text recharts-cartesian-axis-tick-value"
                    text-anchor="middle"
                    fill="#000"
              >
                <tspan x="203.64792743055554"
                       dy="0.71em"
                >
                  06:00 PM
                </tspan>
              </text>
            </g>
            <g class="recharts-layer recharts-cartesian-axis-tick">
              <line orientation="bottom"
                    width="410"
                    height="30"
                    stroke="#000"
                    x="60"
                    y="370"
                    class="recharts-cartesian-axis-tick-line"
                    fill="none"
                    x1="101.14792743055557"
                    y1="376"
                    x2="101.14792743055557"
                    y2="370"
              >
              </line>
              <text orientation="bottom"
                    width="410"
                    height="30"
                    stroke="none"
                    x="101.14792743055557"
                    y="378"
                    class="recharts-text recharts-cartesian-axis-tick-value"
                    text-anchor="middle"
                    fill="#000"
              >
                <tspan x="101.14792743055557"
                       dy="0.71em"
                >
                  12:00 PM
                </tspan>
              </text>
            </g>
            <g class="recharts-layer recharts-cartesian-axis-tick">
              <line orientation="bottom"
                    width="410"
                    height="30"
                    stroke="#000"
                    x="60"
                    y="370"
                    class="recharts-cartesian-axis-tick-line"
                    fill="none"
                    x1="408.64792743055557"
                    y1="376"
                    x2="408.64792743055557"
                    y2="370"
              >
              </line>
              <text orientation="bottom"
                    width="410"
                    height="30"
                    stroke="none"
                    x="408.64792743055557"
                    y="378"
                    class="recharts-text recharts-cartesian-axis-tick-value"
                    text-anchor="middle"
                    fill="#000"
              >
                <tspan x="408.64792743055557"
                       dy="0.71em"
                >
                  06:00 AM
                </tspan>
              </text>
            </g>
            <g class="recharts-layer recharts-cartesian-axis-tick">
              <line orientation="bottom"
                    width="410"
                    height="30"
                    stroke="#000"
                    x="60"
                    y="370"
                    class="recharts-cartesian-axis-tick-line"
                    fill="none"
                    x1="306.14792743055557"
                    y1="376"
                    x2="306.14792743055557"
                    y2="370"
              >
              </line>
              <text orientation="bottom"
                    width="410"
                    height="30"
                    stroke="none"
                    x="306.14792743055557"
                    y="378"
                    class="recharts-text recharts-cartesian-axis-tick-value"
                    text-anchor="middle"
                    fill="#000"
              >
                <tspan x="306.14792743055557"
                       dy="0.71em"
                >
                  Nov 8
                </tspan>
              </text>
            </g>
          </g>
        </g>
        <g class="recharts-layer recharts-cartesian-axis recharts-yAxis yAxis">
          <line orientation="left"
                width="60"
                height="360"
                stroke="#000"
                x="0"
                y="10"
                class="recharts-cartesian-axis-line"
                fill="none"
                x1="60"
                y1="10"
                x2="60"
                y2="370"
          >
          </line>
          <g class="recharts-cartesian-axis-ticks">
            <g class="recharts-layer recharts-cartesian-axis-tick">
              <line orientation="left"
                    width="60"
                    height="360"
                    stroke="#000"
                    x="0"
                    y="10"
                    class="recharts-cartesian-axis-tick-line"
                    fill="none"
                    x1="54"
                    y1="370"
                    x2="60"
                    y2="370"
              >
              </line>
              <text orientation="left"
                    width="60"
                    height="360"
                    stroke="none"
                    x="52"
                    y="370"
                    class="recharts-text recharts-cartesian-axis-tick-value"
                    text-anchor="end"
                    fill="#000"
              >
                <tspan x="52"
                       dy="0.355em"
                >
                  0
                </tspan>
              </text>
            </g>
            <g class="recharts-layer recharts-cartesian-axis-tick">
              <line orientation="left"
                    width="60"
                    height="360"
                    stroke="#000"
                    x="0"
                    y="10"
                    class="recharts-cartesian-axis-tick-line"
                    fill="none"
                    x1="54"
                    y1="280"
                    x2="60"
                    y2="280"
              >
              </line>
              <text orientation="left"
                    width="60"
                    height="360"
                    stroke="none"
                    x="52"
                    y="280"
                    class="recharts-text recharts-cartesian-axis-tick-value"
                    text-anchor="end"
                    fill="#000"
              >
                <tspan x="52"
                       dy="0.355em"
                >
                  55
                </tspan>
              </text>
            </g>
            <g class="recharts-layer recharts-cartesian-axis-tick">
              <line orientation="left"
                    width="60"
                    height="360"
                    stroke="#000"
                    x="0"
                    y="10"
                    class="recharts-cartesian-axis-tick-line"
                    fill="none"
                    x1="54"
                    y1="190"
                    x2="60"
                    y2="190"
              >
              </line>
              <text orientation="left"
                    width="60"
                    height="360"
                    stroke="none"
                    x="52"
                    y="190"
                    class="recharts-text recharts-cartesian-axis-tick-value"
                    text-anchor="end"
                    fill="#000"
              >
                <tspan x="52"
                       dy="0.355em"
                >
                  110
                </tspan>
              </text>
            </g>
            <g class="recharts-layer recharts-cartesian-axis-tick">
              <line orientation="left"
                    width="60"
                    height="360"
                    stroke="#000"
                    x="0"
                    y="10"
                    class="recharts-cartesian-axis-tick-line"
                    fill="none"
                    x1="54"
                    y1="100"
                    x2="60"
                    y2="100"
              >
              </line>
              <text orientation="left"
                    width="60"
                    height="360"
                    stroke="none"
                    x="52"
                    y="100"
                    class="recharts-text recharts-cartesian-axis-tick-value"
                    text-anchor="end"
                    fill="#000"
              >
                <tspan x="52"
                       dy="0.355em"
                >
                  165
                </tspan>
              </text>
            </g>
            <g class="recharts-layer recharts-cartesian-axis-tick">
              <line orientation="left"
                    width="60"
                    height="360"
                    stroke="#000"
                    x="0"
                    y="10"
                    class="recharts-cartesian-axis-tick-line"
                    fill="none"
                    x1="54"
                    y1="10"
                    x2="60"
                    y2="10"
              >
              </line>
              <text orientation="left"
                    width="60"
                    height="360"
                    stroke="none"
                    x="52"
                    y="10"
                    class="recharts-text recharts-cartesian-axis-tick-value"
                    text-anchor="end"
                    fill="#000"
              >
                <tspan x="52"
                       dy="0.355em"
                >
                  220
                </tspan>
              </text>
            </g>
          </g>
        </g>
        <g class="recharts-layer recharts-area">
          <g class="recharts-layer">
            <path cursor="pointer"
                  fill="#dce775"
                  fill-opacity="0.6"
                  width="410"
                  height="360"
                  stroke="none"
                  class="recharts-curve recharts-area-area"
                  d="M60,370C65.694,370,71.389,370,77.083,370C82.778,370,88.472,370,94.167,370C99.861,370,105.556,370,111.25,370C116.944,370,122.639,370,128.333,370C134.028,370,139.722,370,145.417,370C151.111,370,156.806,370,162.5,370C168.194,370,173.889,370,179.583,370C185.278,370,190.972,370,196.667,370C202.361,370,208.056,370,213.75,370C219.444,370,225.139,370,230.833,370C236.528,370,242.222,370,247.917,370C253.611,370,259.306,370,265,370C270.694,370,276.389,370,282.083,370C287.778,370,293.472,370,299.167,370C304.861,370,310.556,370,316.25,370C321.944,370,327.639,370,333.333,370C339.028,370,344.722,370,350.417,370C356.111,370,361.806,370,367.5,370C373.194,370,378.889,370,384.583,370C390.278,370,395.972,370,401.667,370C407.361,370,413.056,370,418.75,370C424.444,370,430.139,370,435.833,370C441.528,370,447.222,270.182,452.917,270.182C458.611,270.182,464.306,270.182,470,270.182L470,370C464.306,370,458.611,370,452.917,370C447.222,370,441.528,370,435.833,370C430.139,370,424.444,370,418.75,370C413.056,370,407.361,370,401.667,370C395.972,370,390.278,370,384.583,370C378.889,370,373.194,370,367.5,370C361.806,370,356.111,370,350.417,370C344.722,370,339.028,370,333.333,370C327.639,370,321.944,370,316.25,370C310.556,370,304.861,370,299.167,370C293.472,370,287.778,370,282.083,370C276.389,370,270.694,370,265,370C259.306,370,253.611,370,247.917,370C242.222,370,236.528,370,230.833,370C225.139,370,219.444,370,213.75,370C208.056,370,202.361,370,196.667,370C190.972,370,185.278,370,179.583,370C173.889,370,168.194,370,162.5,370C156.806,370,151.111,370,145.417,370C139.722,370,134.028,370,128.333,370C122.639,370,116.944,370,111.25,370C105.556,370,99.861,370,94.167,370C88.472,370,82.778,370,77.083,370C71.389,370,65.694,370,60,370Z"
            >
            </path>
            <path stroke="#dce775"
                  cursor="pointer"
                  fill="none"
                  fill-opacity="0.6"
                  width="410"
                  height="360"
                  class="recharts-curve recharts-area-curve"
                  d="M60,370C65.694,370,71.389,370,77.083,370C82.778,370,88.472,370,94.167,370C99.861,370,105.556,370,111.25,370C116.944,370,122.639,370,128.333,370C134.028,370,139.722,370,145.417,370C151.111,370,156.806,370,162.5,370C168.194,370,173.889,370,179.583,370C185.278,370,190.972,370,196.667,370C202.361,370,208.056,370,213.75,370C219.444,370,225.139,370,230.833,370C236.528,370,242.222,370,247.917,370C253.611,370,259.306,370,265,370C270.694,370,276.389,370,282.083,370C287.778,370,293.472,370,299.167,370C304.861,370,310.556,370,316.25,370C321.944,370,327.639,370,333.333,370C339.028,370,344.722,370,350.417,370C356.111,370,361.806,370,367.5,370C373.194,370,378.889,370,384.583,370C390.278,370,395.972,370,401.667,370C407.361,370,413.056,370,418.75,370C424.444,370,430.139,370,435.833,370C441.528,370,447.222,270.182,452.917,270.182C458.611,270.182,464.306,270.182,470,270.182"
            >
            </path>
          </g>
        </g>
        <g class="recharts-layer recharts-area">
          <g class="recharts-layer">
            <path cursor="pointer"
                  fill="#2C98F0"
                  fill-opacity="0.6"
                  width="410"
                  height="360"
                  stroke="none"
                  class="recharts-curve recharts-area-area"
                  d="M60,370C65.694,370,71.389,370,77.083,370C82.778,370,88.472,370,94.167,370C99.861,370,105.556,370,111.25,370C116.944,370,122.639,370,128.333,370C134.028,370,139.722,370,145.417,370C151.111,370,156.806,370,162.5,370C168.194,370,173.889,370,179.583,370C185.278,370,190.972,370,196.667,370C202.361,370,208.056,370,213.75,370C219.444,370,225.139,370,230.833,370C236.528,370,242.222,370,247.917,370C253.611,370,259.306,370,265,370C270.694,370,276.389,370,282.083,370C287.778,370,293.472,370,299.167,370C304.861,370,310.556,370,316.25,370C321.944,370,327.639,370,333.333,370C339.028,370,344.722,370,350.417,370C356.111,370,361.806,370,367.5,370C373.194,370,378.889,370,384.583,370C390.278,370,395.972,370,401.667,370C407.361,370,413.056,370,418.75,370C424.444,370,430.139,370,435.833,370C441.528,370,447.222,21.455,452.917,21.455C458.611,21.455,464.306,21.455,470,21.455L470,270.182C464.306,270.182,458.611,270.182,452.917,270.182C447.222,270.182,441.528,370,435.833,370C430.139,370,424.444,370,418.75,370C413.056,370,407.361,370,401.667,370C395.972,370,390.278,370,384.583,370C378.889,370,373.194,370,367.5,370C361.806,370,356.111,370,350.417,370C344.722,370,339.028,370,333.333,370C327.639,370,321.944,370,316.25,370C310.556,370,304.861,370,299.167,370C293.472,370,287.778,370,282.083,370C276.389,370,270.694,370,265,370C259.306,370,253.611,370,247.917,370C242.222,370,236.528,370,230.833,370C225.139,370,219.444,370,213.75,370C208.056,370,202.361,370,196.667,370C190.972,370,185.278,370,179.583,370C173.889,370,168.194,370,162.5,370C156.806,370,151.111,370,145.417,370C139.722,370,134.028,370,128.333,370C122.639,370,116.944,370,111.25,370C105.556,370,99.861,370,94.167,370C88.472,370,82.778,370,77.083,370C71.389,370,65.694,370,60,370Z"
            >
            </path>
            <path stroke="#2C98F0"
                  cursor="pointer"
                  fill="none"
                  fill-opacity="0.6"
                  width="410"
                  height="360"
                  class="recharts-curve recharts-area-curve"
                  d="M60,370C65.694,370,71.389,370,77.083,370C82.778,370,88.472,370,94.167,370C99.861,370,105.556,370,111.25,370C116.944,370,122.639,370,128.333,370C134.028,370,139.722,370,145.417,370C151.111,370,156.806,370,162.5,370C168.194,370,173.889,370,179.583,370C185.278,370,190.972,370,196.667,370C202.361,370,208.056,370,213.75,370C219.444,370,225.139,370,230.833,370C236.528,370,242.222,370,247.917,370C253.611,370,259.306,370,265,370C270.694,370,276.389,370,282.083,370C287.778,370,293.472,370,299.167,370C304.861,370,310.556,370,316.25,370C321.944,370,327.639,370,333.333,370C339.028,370,344.722,370,350.417,370C356.111,370,361.806,370,367.5,370C373.194,370,378.889,370,384.583,370C390.278,370,395.972,370,401.667,370C407.361,370,413.056,370,418.75,370C424.444,370,430.139,370,435.833,370C441.528,370,447.222,21.455,452.917,21.455C458.611,21.455,464.306,21.455,470,21.455"
            >
            </path>
          </g>
        </g>
      </svg>
      <div tabindex="-1"
           class="recharts-tooltip-wrapper recharts-tooltip-wrapper-right recharts-tooltip-wrapper-bottom"
           style="visibility: hidden; pointer-events: none; position: absolute; top: 0px; left: 0px; transform: translate(60px, 10px);"
      >
        <div class="custom-tooltip">
          <div class="MuiPaper-root MuiPaper-elevation MuiPaper-rounded MuiPaper-elevation1 css-5jb75g-MuiPaper-root">
            <div class="MuiBox-root css-hpgf8j">
              <p class="MuiTypography-root MuiTypography-body1 css-1s23nr9-MuiTypography-root">
              </p>
            </div>
          </div>
        </div>
      </div>
    </div>
  </div>
  <div class="MuiGrid-root MuiGrid-container MuiGrid-item MuiGrid-grid-xs-12 css-spompt-MuiGrid-root">
    <div class="MuiGrid-root MuiGrid-item MuiGrid-grid-xs-12 css-1idn90j-MuiGrid-root">
      <div class="MuiBox-root css-qxh7fn">
        <div class="MuiBox-root css-bmvtgo">
          Showing data for the last time point.
          <br>
          Click the chart to choose a different time point.
        </div>
      </div>
    </div>
    <div class="MuiGrid-root MuiGrid-item MuiGrid-grid-xs-11 css-ykovpn-MuiGrid-root">
      <table class="MuiTable-root css-vzt8dn-MuiTable-root">
        <thead class="MuiTableHead-root css-15wwp11-MuiTableHead-root">
          <tr class="MuiTableRow-root MuiTableRow-head css-kc8myf-MuiTableRow-root">
            <th class="MuiTableCell-root MuiTableCell-head MuiTableCell-sizeMedium css-1btn10p-MuiTableCell-root"
                scope="col"
            >
              Version
            </th>
            <th class="MuiTableCell-root MuiTableCell-head MuiTableCell-sizeMedium css-1btn10p-MuiTableCell-root"
                scope="col"
            >
              Count
            </th>
            <th class="MuiTableCell-root MuiTableCell-head MuiTableCell-sizeMedium css-1btn10p-MuiTableCell-root"
                scope="col"
            >
              Percentage
            </th>
          </tr>
        </thead>
        <tbody class="MuiTableBody-root css-apqrd9-MuiTableBody-root">
          <tr class="MuiTableRow-root css-kc8myf-MuiTableRow-root">
            <td class="MuiTableCell-root MuiTableCell-body MuiTableCell-sizeMedium css-xfdl9x-MuiTableCell-root">
              <svg xmlns="http://www.w3.org/2000/svg"
                   focusable="false"
                   width="15"
                   height="15"
                   preserveaspectratio="xMidYMid meet"
                   viewbox="0 0 24 24"
                   style="transform: rotate(360deg); vertical-align: -0.125em;"
              >
                <path fill="#2C98F0"
                      d="M3 3v18h18V3"
                >
                </path>
              </svg>
              &nbsp;2191.5.0
            </td>
            <td class="MuiTableCell-root MuiTableCell-body MuiTableCell-sizeMedium css-xfdl9x-MuiTableCell-root">
              152
            </td>
            <td class="MuiTableCell-root MuiTableCell-body MuiTableCell-sizeMedium css-xfdl9x-MuiTableCell-root">
              71.4
            </td>
          </tr>
          <tr class="MuiTableRow-root css-kc8myf-MuiTableRow-root">
            <td class="MuiTableCell-root MuiTableCell-body MuiTableCell-sizeMedium css-xfdl9x-MuiTableCell-root">
              <svg xmlns="http://www.w3.org/2000/svg"
                   focusable="false"
                   width="15"
                   height="15"
                   preserveaspectratio="xMidYMid meet"
                   viewbox="0 0 24 24"
                   style="transform: rotate(360deg); vertical-align: -0.125em;"
              >
                <path fill="#dce775"
                      d="M3 3v18h18V3"
                >
                </path>
              </svg>
              &nbsp;0.0.0
            </td>
            <td class="MuiTableCell-root MuiTableCell-body MuiTableCell-sizeMedium css-xfdl9x-MuiTableCell-root">
              61
            </td>
            <td class="MuiTableCell-root MuiTableCell-body MuiTableCell-sizeMedium css-xfdl9x-MuiTableCell-root">
              28.6
            </td>
          </tr>
        </tbody>
      </table>
    </div>
  </div>
</div>
`;
