// Jest Snapshot v1, https://goo.gl/fbAQLP

exports[`Empty renders correct content 1`] = `
<DocumentFragment>
  <div
    class="MuiBox-root css-19midj6"
  >
    <p
      class="MuiTypography-root MuiTypography-body1 MuiTypography-alignCenter css-12wjmzy-MuiTypography-root"
      data-testid="empty"
    >
      Some Dummy Content
    </p>
  </div>
</DocumentFragment>
`;
