// Jest Snapshot v1, https://goo.gl/fbAQLP

exports[`Label should render correct label 1`] = `
<DocumentFragment>
  <span
    class="makeStyles-label-1"
  >
    dummy label
  </span>
</DocumentFragment>
`;
