// Jest Snapshot v1, https://goo.gl/fbAQLP

exports[`Section Header renders section header correctly 1`] = `
<DocumentFragment>
  <div
    class="MuiGrid-root MuiGrid-container makeStyles-sectionContainer-1 css-a8y23a-MuiGrid-root"
  >
    <div
      class="MuiGrid-root MuiGrid-item css-13i4rnv-MuiGrid-root"
    >
      <nav
        aria-label="breadcrumbs"
        class="MuiTypography-root MuiTypography-body1 MuiBreadcrumbs-root css-jgnk98-MuiTypography-root-MuiBreadcrumbs-root"
      >
        <ol
          class="MuiBreadcrumbs-ol css-4pdmu4-MuiBreadcrumbs-ol"
        >
          <li
            class="MuiBreadcrumbs-li"
          >
            <span
              class="makeStyles-breadCrumbsItem-2 MuiBox-root css-0"
            >
              <a
                class="MuiTypography-root MuiTypography-inherit MuiLink-root MuiLink-underlineHover css-1emptwe-MuiTypography-root-MuiLink-root"
                href="/apps"
              >
                Applications
              </a>
            </span>
          </li>
          <li
            aria-hidden="true"
            class="MuiBreadcrumbs-separator css-1wuw8dw-MuiBreadcrumbs-separator"
          >
            <svg
              aria-hidden="true"
              class="MuiSvgIcon-root MuiSvgIcon-fontSizeSmall css-ptiqhd-MuiSvgIcon-root"
              data-testid="NavigateNextIcon"
              focusable="false"
              viewBox="0 0 24 24"
            >
              <path
                d="M10 6 8.59 7.41 13.17 12l-4.58 4.59L10 18l6-6z"
              />
            </svg>
          </li>
          <li
            class="MuiBreadcrumbs-li"
          >
            <p
              class="MuiTypography-root MuiTypography-body1 css-1uifdn6-MuiTypography-root"
            >
              Flatcar
            </p>
          </li>
        </ol>
      </nav>
    </div>
  </div>
</DocumentFragment>
`;
