// Jest Snapshot v1, https://goo.gl/fbAQLP

exports[`groups/StatusCountTimeline Timeline smoke-test 1`] = `
<div class="MuiGrid-root MuiGrid-container MuiGrid-direction-xs-row MuiGrid-spacing-xs-2 css-mwb7rv-MuiGrid-root">
  <div class="MuiGrid-root MuiGrid-direction-xs-row MuiGrid-grid-xs-12 css-yqiqnf-MuiGrid-root">
    <div class="recharts-wrapper"
         style="position: relative; cursor: default; width: 500px; height: 400px;"
    >
      <svg class="recharts-surface"
           width="500"
           height="400"
           viewbox="0 0 500 400"
           style="width: 100%; height: 100%;"
      >
        <title>
        </title>
        <desc>
        </desc>
        <defs>
          <clipPath id="recharts1-clip">
            <rect x="60"
                  y="10"
                  height="360"
                  width="410"
            >
            </rect>
          </clipPath>
        </defs>
        <g class="recharts-cartesian-grid">
          <g class="recharts-cartesian-grid-horizontal">
            <line stroke-dasharray="3 3"
                  stroke="#ccc"
                  fill="none"
                  x="60"
                  y="10"
                  width="410"
                  height="360"
                  x1="60"
                  y1="370"
                  x2="470"
                  y2="370"
            >
            </line>
            <line stroke-dasharray="3 3"
                  stroke="#ccc"
                  fill="none"
                  x="60"
                  y="10"
                  width="410"
                  height="360"
                  x1="60"
                  y1="280"
                  x2="470"
                  y2="280"
            >
            </line>
            <line stroke-dasharray="3 3"
                  stroke="#ccc"
                  fill="none"
                  x="60"
                  y="10"
                  width="410"
                  height="360"
                  x1="60"
                  y1="190"
                  x2="470"
                  y2="190"
            >
            </line>
            <line stroke-dasharray="3 3"
                  stroke="#ccc"
                  fill="none"
                  x="60"
                  y="10"
                  width="410"
                  height="360"
                  x1="60"
                  y1="100"
                  x2="470"
                  y2="100"
            >
            </line>
            <line stroke-dasharray="3 3"
                  stroke="#ccc"
                  fill="none"
                  x="60"
                  y="10"
                  width="410"
                  height="360"
                  x1="60"
                  y1="10"
                  x2="470"
                  y2="10"
            >
            </line>
          </g>
          <g class="recharts-cartesian-grid-vertical">
            <line stroke-dasharray="3 3"
                  stroke="#ccc"
                  fill="none"
                  x="60"
                  y="10"
                  width="410"
                  height="360"
                  x1="203.64794641203702"
                  y1="10"
                  x2="203.64794641203702"
                  y2="370"
            >
            </line>
            <line stroke-dasharray="3 3"
                  stroke="#ccc"
                  fill="none"
                  x="60"
                  y="10"
                  width="410"
                  height="360"
                  x1="101.14794641203703"
                  y1="10"
                  x2="101.14794641203703"
                  y2="370"
            >
            </line>
            <line stroke-dasharray="3 3"
                  stroke="#ccc"
                  fill="none"
                  x="60"
                  y="10"
                  width="410"
                  height="360"
                  x1="408.6479464120371"
                  y1="10"
                  x2="408.6479464120371"
                  y2="370"
            >
            </line>
            <line stroke-dasharray="3 3"
                  stroke="#ccc"
                  fill="none"
                  x="60"
                  y="10"
                  width="410"
                  height="360"
                  x1="306.1479464120371"
                  y1="10"
                  x2="306.1479464120371"
                  y2="370"
            >
            </line>
            <line stroke-dasharray="3 3"
                  stroke="#ccc"
                  fill="none"
                  x="60"
                  y="10"
                  width="410"
                  height="360"
                  x1="60"
                  y1="10"
                  x2="60"
                  y2="370"
            >
            </line>
            <line stroke-dasharray="3 3"
                  stroke="#ccc"
                  fill="none"
                  x="60"
                  y="10"
                  width="410"
                  height="360"
                  x1="470"
                  y1="10"
                  x2="470"
                  y2="370"
            >
            </line>
          </g>
        </g>
        <g class="recharts-layer recharts-cartesian-axis recharts-xAxis xAxis">
          <line orientation="bottom"
                width="410"
                height="30"
                stroke="#000"
                x="60"
                y="370"
                class="recharts-cartesian-axis-line"
                fill="none"
                x1="60"
                y1="370"
                x2="470"
                y2="370"
          >
          </line>
          <g class="recharts-cartesian-axis-ticks">
            <g class="recharts-layer recharts-cartesian-axis-tick">
              <line orientation="bottom"
                    width="410"
                    height="30"
                    stroke="#000"
                    x="60"
                    y="370"
                    class="recharts-cartesian-axis-tick-line"
                    fill="none"
                    x1="203.64794641203702"
                    y1="376"
                    x2="203.64794641203702"
                    y2="370"
              >
              </line>
              <text orientation="bottom"
                    width="410"
                    height="30"
                    stroke="none"
                    x="203.64794641203702"
                    y="378"
                    class="recharts-text recharts-cartesian-axis-tick-value"
                    text-anchor="middle"
                    fill="#000"
              >
                <tspan x="203.64794641203702"
                       dy="0.71em"
                >
                  06:00 PM
                </tspan>
              </text>
            </g>
            <g class="recharts-layer recharts-cartesian-axis-tick">
              <line orientation="bottom"
                    width="410"
                    height="30"
                    stroke="#000"
                    x="60"
                    y="370"
                    class="recharts-cartesian-axis-tick-line"
                    fill="none"
                    x1="101.14794641203703"
                    y1="376"
                    x2="101.14794641203703"
                    y2="370"
              >
              </line>
              <text orientation="bottom"
                    width="410"
                    height="30"
                    stroke="none"
                    x="101.14794641203703"
                    y="378"
                    class="recharts-text recharts-cartesian-axis-tick-value"
                    text-anchor="middle"
                    fill="#000"
              >
                <tspan x="101.14794641203703"
                       dy="0.71em"
                >
                  12:00 PM
                </tspan>
              </text>
            </g>
            <g class="recharts-layer recharts-cartesian-axis-tick">
              <line orientation="bottom"
                    width="410"
                    height="30"
                    stroke="#000"
                    x="60"
                    y="370"
                    class="recharts-cartesian-axis-tick-line"
                    fill="none"
                    x1="408.6479464120371"
                    y1="376"
                    x2="408.6479464120371"
                    y2="370"
              >
              </line>
              <text orientation="bottom"
                    width="410"
                    height="30"
                    stroke="none"
                    x="408.6479464120371"
                    y="378"
                    class="recharts-text recharts-cartesian-axis-tick-value"
                    text-anchor="middle"
                    fill="#000"
              >
                <tspan x="408.6479464120371"
                       dy="0.71em"
                >
                  06:00 AM
                </tspan>
              </text>
            </g>
            <g class="recharts-layer recharts-cartesian-axis-tick">
              <line orientation="bottom"
                    width="410"
                    height="30"
                    stroke="#000"
                    x="60"
                    y="370"
                    class="recharts-cartesian-axis-tick-line"
                    fill="none"
                    x1="306.1479464120371"
                    y1="376"
                    x2="306.1479464120371"
                    y2="370"
              >
              </line>
              <text orientation="bottom"
                    width="410"
                    height="30"
                    stroke="none"
                    x="306.1479464120371"
                    y="378"
                    class="recharts-text recharts-cartesian-axis-tick-value"
                    text-anchor="middle"
                    fill="#000"
              >
                <tspan x="306.1479464120371"
                       dy="0.71em"
                >
                  Nov 8
                </tspan>
              </text>
            </g>
          </g>
        </g>
        <g class="recharts-layer recharts-cartesian-axis recharts-yAxis yAxis">
          <line orientation="left"
                width="60"
                height="360"
                stroke="#000"
                x="0"
                y="10"
                class="recharts-cartesian-axis-line"
                fill="none"
                x1="60"
                y1="10"
                x2="60"
                y2="370"
          >
          </line>
          <g class="recharts-cartesian-axis-ticks">
            <g class="recharts-layer recharts-cartesian-axis-tick">
              <line orientation="left"
                    width="60"
                    height="360"
                    stroke="#000"
                    x="0"
                    y="10"
                    class="recharts-cartesian-axis-tick-line"
                    fill="none"
                    x1="54"
                    y1="370"
                    x2="60"
                    y2="370"
              >
              </line>
              <text orientation="left"
                    width="60"
                    height="360"
                    stroke="none"
                    x="52"
                    y="370"
                    class="recharts-text recharts-cartesian-axis-tick-value"
                    text-anchor="end"
                    fill="#000"
              >
                <tspan x="52"
                       dy="0.355em"
                >
                  0
                </tspan>
              </text>
            </g>
            <g class="recharts-layer recharts-cartesian-axis-tick">
              <line orientation="left"
                    width="60"
                    height="360"
                    stroke="#000"
                    x="0"
                    y="10"
                    class="recharts-cartesian-axis-tick-line"
                    fill="none"
                    x1="54"
                    y1="280"
                    x2="60"
                    y2="280"
              >
              </line>
              <text orientation="left"
                    width="60"
                    height="360"
                    stroke="none"
                    x="52"
                    y="280"
                    class="recharts-text recharts-cartesian-axis-tick-value"
                    text-anchor="end"
                    fill="#000"
              >
                <tspan x="52"
                       dy="0.355em"
                >
                  250
                </tspan>
              </text>
            </g>
            <g class="recharts-layer recharts-cartesian-axis-tick">
              <line orientation="left"
                    width="60"
                    height="360"
                    stroke="#000"
                    x="0"
                    y="10"
                    class="recharts-cartesian-axis-tick-line"
                    fill="none"
                    x1="54"
                    y1="190"
                    x2="60"
                    y2="190"
              >
              </line>
              <text orientation="left"
                    width="60"
                    height="360"
                    stroke="none"
                    x="52"
                    y="190"
                    class="recharts-text recharts-cartesian-axis-tick-value"
                    text-anchor="end"
                    fill="#000"
              >
                <tspan x="52"
                       dy="0.355em"
                >
                  500
                </tspan>
              </text>
            </g>
            <g class="recharts-layer recharts-cartesian-axis-tick">
              <line orientation="left"
                    width="60"
                    height="360"
                    stroke="#000"
                    x="0"
                    y="10"
                    class="recharts-cartesian-axis-tick-line"
                    fill="none"
                    x1="54"
                    y1="100"
                    x2="60"
                    y2="100"
              >
              </line>
              <text orientation="left"
                    width="60"
                    height="360"
                    stroke="none"
                    x="52"
                    y="100"
                    class="recharts-text recharts-cartesian-axis-tick-value"
                    text-anchor="end"
                    fill="#000"
              >
                <tspan x="52"
                       dy="0.355em"
                >
                  750
                </tspan>
              </text>
            </g>
            <g class="recharts-layer recharts-cartesian-axis-tick">
              <line orientation="left"
                    width="60"
                    height="360"
                    stroke="#000"
                    x="0"
                    y="10"
                    class="recharts-cartesian-axis-tick-line"
                    fill="none"
                    x1="54"
                    y1="10"
                    x2="60"
                    y2="10"
              >
              </line>
              <text orientation="left"
                    width="60"
                    height="360"
                    stroke="none"
                    x="52"
                    y="10"
                    class="recharts-text recharts-cartesian-axis-tick-value"
                    text-anchor="end"
                    fill="#000"
              >
                <tspan x="52"
                       dy="0.355em"
                >
                  1000
                </tspan>
              </text>
            </g>
          </g>
        </g>
        <g class="recharts-layer recharts-area">
          <g class="recharts-layer">
            <path cursor="pointer"
                  fill="rgb(89, 89, 89)"
                  fill-opacity="0.6"
                  width="410"
                  height="360"
                  stroke="none"
                  class="recharts-curve recharts-area-area"
                  d="M60,370L68.542,370L68.542,370L85.625,370L85.625,370L102.708,370L102.708,370L119.792,370L119.792,370L136.875,370L136.875,370L153.958,370L153.958,370L171.042,370L171.042,370L188.125,370L188.125,370L205.208,370L205.208,370L222.292,370L222.292,370L239.375,370L239.375,370L256.458,370L256.458,370L273.542,370L273.542,370L290.625,370L290.625,370L307.708,370L307.708,370L324.792,370L324.792,370L341.875,370L341.875,370L358.958,370L358.958,370L376.042,370L376.042,370L393.125,370L393.125,370L410.208,370L410.208,370L427.292,370L427.292,370L444.375,370L444.375,306.28L461.458,306.28L461.458,370L470,370L470,370L461.458,370L461.458,370L444.375,370L444.375,370L427.292,370L427.292,370L410.208,370L410.208,370L393.125,370L393.125,370L376.042,370L376.042,370L358.958,370L358.958,370L341.875,370L341.875,370L324.792,370L324.792,370L307.708,370L307.708,370L290.625,370L290.625,370L273.542,370L273.542,370L256.458,370L256.458,370L239.375,370L239.375,370L222.292,370L222.292,370L205.208,370L205.208,370L188.125,370L188.125,370L171.042,370L171.042,370L153.958,370L153.958,370L136.875,370L136.875,370L119.792,370L119.792,370L102.708,370L102.708,370L85.625,370L85.625,370L68.542,370L68.542,370L60,370Z"
            >
            </path>
            <path stroke="rgb(89, 89, 89)"
                  cursor="pointer"
                  fill="none"
                  fill-opacity="0.6"
                  width="410"
                  height="360"
                  class="recharts-curve recharts-area-curve"
                  d="M60,370L68.542,370L68.542,370L85.625,370L85.625,370L102.708,370L102.708,370L119.792,370L119.792,370L136.875,370L136.875,370L153.958,370L153.958,370L171.042,370L171.042,370L188.125,370L188.125,370L205.208,370L205.208,370L222.292,370L222.292,370L239.375,370L239.375,370L256.458,370L256.458,370L273.542,370L273.542,370L290.625,370L290.625,370L307.708,370L307.708,370L324.792,370L324.792,370L341.875,370L341.875,370L358.958,370L358.958,370L376.042,370L376.042,370L393.125,370L393.125,370L410.208,370L410.208,370L427.292,370L427.292,370L444.375,370L444.375,306.28L461.458,306.28L461.458,370L470,370"
            >
            </path>
          </g>
        </g>
        <g class="recharts-layer recharts-area">
          <g class="recharts-layer">
            <path cursor="pointer"
                  fill="#3182bd"
                  fill-opacity="0.6"
                  width="410"
                  height="360"
                  stroke="none"
                  class="recharts-curve recharts-area-area"
                  d="M60,370L68.542,370L68.542,370L85.625,370L85.625,370L102.708,370L102.708,370L119.792,370L119.792,370L136.875,370L136.875,370L153.958,370L153.958,370L171.042,370L171.042,370L188.125,370L188.125,370L205.208,370L205.208,370L222.292,370L222.292,370L239.375,370L239.375,370L256.458,370L256.458,370L273.542,370L273.542,370L290.625,370L290.625,370L307.708,370L307.708,370L324.792,370L324.792,370L341.875,370L341.875,370L358.958,370L358.958,370L376.042,370L376.042,370L393.125,370L393.125,370L410.208,370L410.208,370L427.292,370L427.292,370L444.375,370L444.375,226.72L461.458,226.72L461.458,370L470,370L470,370L461.458,370L461.458,306.28L444.375,306.28L444.375,370L427.292,370L427.292,370L410.208,370L410.208,370L393.125,370L393.125,370L376.042,370L376.042,370L358.958,370L358.958,370L341.875,370L341.875,370L324.792,370L324.792,370L307.708,370L307.708,370L290.625,370L290.625,370L273.542,370L273.542,370L256.458,370L256.458,370L239.375,370L239.375,370L222.292,370L222.292,370L205.208,370L205.208,370L188.125,370L188.125,370L171.042,370L171.042,370L153.958,370L153.958,370L136.875,370L136.875,370L119.792,370L119.792,370L102.708,370L102.708,370L85.625,370L85.625,370L68.542,370L68.542,370L60,370Z"
            >
            </path>
            <path stroke="#3182bd"
                  cursor="pointer"
                  fill="none"
                  fill-opacity="0.6"
                  width="410"
                  height="360"
                  class="recharts-curve recharts-area-curve"
                  d="M60,370L68.542,370L68.542,370L85.625,370L85.625,370L102.708,370L102.708,370L119.792,370L119.792,370L136.875,370L136.875,370L153.958,370L153.958,370L171.042,370L171.042,370L188.125,370L188.125,370L205.208,370L205.208,370L222.292,370L222.292,370L239.375,370L239.375,370L256.458,370L256.458,370L273.542,370L273.542,370L290.625,370L290.625,370L307.708,370L307.708,370L324.792,370L324.792,370L341.875,370L341.875,370L358.958,370L358.958,370L376.042,370L376.042,370L393.125,370L393.125,370L410.208,370L410.208,370L427.292,370L427.292,370L444.375,370L444.375,226.72L461.458,226.72L461.458,370L470,370"
            >
            </path>
          </g>
        </g>
        <g class="recharts-layer recharts-area">
          <g class="recharts-layer">
            <path cursor="pointer"
                  fill="rgba(164,45,36,1)"
                  fill-opacity="0.6"
                  width="410"
                  height="360"
                  stroke="none"
                  class="recharts-curve recharts-area-area"
                  d="M60,370L68.542,370L68.542,370L85.625,370L85.625,370L102.708,370L102.708,370L119.792,370L119.792,370L136.875,370L136.875,370L153.958,370L153.958,370L171.042,370L171.042,370L188.125,370L188.125,370L205.208,370L205.208,370L222.292,370L222.292,370L239.375,370L239.375,370L256.458,370L256.458,370L273.542,370L273.542,370L290.625,370L290.625,370L307.708,370L307.708,370L324.792,370L324.792,370L341.875,370L341.875,370L358.958,370L358.958,370L376.042,370L376.042,370L393.125,370L393.125,370L410.208,370L410.208,370L427.292,370L427.292,370L444.375,370L444.375,222.4L461.458,222.4L461.458,370L470,370L470,370L461.458,370L461.458,226.72L444.375,226.72L444.375,370L427.292,370L427.292,370L410.208,370L410.208,370L393.125,370L393.125,370L376.042,370L376.042,370L358.958,370L358.958,370L341.875,370L341.875,370L324.792,370L324.792,370L307.708,370L307.708,370L290.625,370L290.625,370L273.542,370L273.542,370L256.458,370L256.458,370L239.375,370L239.375,370L222.292,370L222.292,370L205.208,370L205.208,370L188.125,370L188.125,370L171.042,370L171.042,370L153.958,370L153.958,370L136.875,370L136.875,370L119.792,370L119.792,370L102.708,370L102.708,370L85.625,370L85.625,370L68.542,370L68.542,370L60,370Z"
            >
            </path>
            <path stroke="rgba(164,45,36,1)"
                  cursor="pointer"
                  fill="none"
                  fill-opacity="0.6"
                  width="410"
                  height="360"
                  class="recharts-curve recharts-area-curve"
                  d="M60,370L68.542,370L68.542,370L85.625,370L85.625,370L102.708,370L102.708,370L119.792,370L119.792,370L136.875,370L136.875,370L153.958,370L153.958,370L171.042,370L171.042,370L188.125,370L188.125,370L205.208,370L205.208,370L222.292,370L222.292,370L239.375,370L239.375,370L256.458,370L256.458,370L273.542,370L273.542,370L290.625,370L290.625,370L307.708,370L307.708,370L324.792,370L324.792,370L341.875,370L341.875,370L358.958,370L358.958,370L376.042,370L376.042,370L393.125,370L393.125,370L410.208,370L410.208,370L427.292,370L427.292,370L444.375,370L444.375,222.4L461.458,222.4L461.458,370L470,370"
            >
            </path>
          </g>
        </g>
        <g class="recharts-layer recharts-area">
          <g class="recharts-layer">
            <path cursor="pointer"
                  fill="rgba(40,95,43,1)"
                  fill-opacity="0.6"
                  width="410"
                  height="360"
                  stroke="none"
                  class="recharts-curve recharts-area-area"
                  d="M60,370L68.542,370L68.542,370L85.625,370L85.625,370L102.708,370L102.708,370L119.792,370L119.792,370L136.875,370L136.875,370L153.958,370L153.958,370L171.042,370L171.042,370L188.125,370L188.125,370L205.208,370L205.208,370L222.292,370L222.292,370L239.375,370L239.375,370L256.458,370L256.458,370L273.542,370L273.542,370L290.625,370L290.625,370L307.708,370L307.708,370L324.792,370L324.792,370L341.875,370L341.875,370L358.958,370L358.958,370L376.042,370L376.042,370L393.125,370L393.125,370L410.208,370L410.208,370L427.292,370L427.292,370L444.375,370L444.375,152.92L461.458,152.92L461.458,370L470,370L470,370L461.458,370L461.458,222.4L444.375,222.4L444.375,370L427.292,370L427.292,370L410.208,370L410.208,370L393.125,370L393.125,370L376.042,370L376.042,370L358.958,370L358.958,370L341.875,370L341.875,370L324.792,370L324.792,370L307.708,370L307.708,370L290.625,370L290.625,370L273.542,370L273.542,370L256.458,370L256.458,370L239.375,370L239.375,370L222.292,370L222.292,370L205.208,370L205.208,370L188.125,370L188.125,370L171.042,370L171.042,370L153.958,370L153.958,370L136.875,370L136.875,370L119.792,370L119.792,370L102.708,370L102.708,370L85.625,370L85.625,370L68.542,370L68.542,370L60,370Z"
            >
            </path>
            <path stroke="rgba(40,95,43,1)"
                  cursor="pointer"
                  fill="none"
                  fill-opacity="0.6"
                  width="410"
                  height="360"
                  class="recharts-curve recharts-area-curve"
                  d="M60,370L68.542,370L68.542,370L85.625,370L85.625,370L102.708,370L102.708,370L119.792,370L119.792,370L136.875,370L136.875,370L153.958,370L153.958,370L171.042,370L171.042,370L188.125,370L188.125,370L205.208,370L205.208,370L222.292,370L222.292,370L239.375,370L239.375,370L256.458,370L256.458,370L273.542,370L273.542,370L290.625,370L290.625,370L307.708,370L307.708,370L324.792,370L324.792,370L341.875,370L341.875,370L358.958,370L358.958,370L376.042,370L376.042,370L393.125,370L393.125,370L410.208,370L410.208,370L427.292,370L427.292,370L444.375,370L444.375,152.92L461.458,152.92L461.458,370L470,370"
            >
            </path>
          </g>
        </g>
        <g class="recharts-layer recharts-area">
          <g class="recharts-layer">
            <path cursor="pointer"
                  fill="rgba(17,40,141,1)"
                  fill-opacity="0.6"
                  width="410"
                  height="360"
                  stroke="none"
                  class="recharts-curve recharts-area-area"
                  d="M60,370L68.542,370L68.542,370L85.625,370L85.625,370L102.708,370L102.708,370L119.792,370L119.792,370L136.875,370L136.875,370L153.958,370L153.958,370L171.042,370L171.042,370L188.125,370L188.125,370L205.208,370L205.208,370L222.292,370L222.292,370L239.375,370L239.375,370L256.458,370L256.458,370L273.542,370L273.542,370L290.625,370L290.625,370L307.708,370L307.708,370L324.792,370L324.792,370L341.875,370L341.875,370L358.958,370L358.958,370L376.042,370L376.042,370L393.125,370L393.125,370L410.208,370L410.208,370L427.292,370L427.292,370L444.375,370L444.375,75.52L461.458,75.52L461.458,370L470,370L470,370L461.458,370L461.458,152.92L444.375,152.92L444.375,370L427.292,370L427.292,370L410.208,370L410.208,370L393.125,370L393.125,370L376.042,370L376.042,370L358.958,370L358.958,370L341.875,370L341.875,370L324.792,370L324.792,370L307.708,370L307.708,370L290.625,370L290.625,370L273.542,370L273.542,370L256.458,370L256.458,370L239.375,370L239.375,370L222.292,370L222.292,370L205.208,370L205.208,370L188.125,370L188.125,370L171.042,370L171.042,370L153.958,370L153.958,370L136.875,370L136.875,370L119.792,370L119.792,370L102.708,370L102.708,370L85.625,370L85.625,370L68.542,370L68.542,370L60,370Z"
            >
            </path>
            <path stroke="rgba(17,40,141,1)"
                  cursor="pointer"
                  fill="none"
                  fill-opacity="0.6"
                  width="410"
                  height="360"
                  class="recharts-curve recharts-area-curve"
                  d="M60,370L68.542,370L68.542,370L85.625,370L85.625,370L102.708,370L102.708,370L119.792,370L119.792,370L136.875,370L136.875,370L153.958,370L153.958,370L171.042,370L171.042,370L188.125,370L188.125,370L205.208,370L205.208,370L222.292,370L222.292,370L239.375,370L239.375,370L256.458,370L256.458,370L273.542,370L273.542,370L290.625,370L290.625,370L307.708,370L307.708,370L324.792,370L324.792,370L341.875,370L341.875,370L358.958,370L358.958,370L376.042,370L376.042,370L393.125,370L393.125,370L410.208,370L410.208,370L427.292,370L427.292,370L444.375,370L444.375,75.52L461.458,75.52L461.458,370L470,370"
            >
            </path>
          </g>
        </g>
      </svg>
      <div tabindex="-1"
           class="recharts-tooltip-wrapper recharts-tooltip-wrapper-right recharts-tooltip-wrapper-bottom"
           style="visibility: hidden; pointer-events: none; position: absolute; top: 0px; left: 0px; transform: translate(60px, 10px);"
      >
        <div class="custom-tooltip">
          <div class="MuiPaper-root MuiPaper-elevation MuiPaper-rounded MuiPaper-elevation1 css-12jlilq-MuiPaper-root"
               style="--Paper-shadow: 0px 2px 1px -1px rgba(0,0,0,0.2),0px 1px 1px 0px rgba(0,0,0,0.14),0px 1px 3px 0px rgba(0,0,0,0.12);"
          >
            <div class="MuiBox-root css-hpgf8j">
              <p class="MuiTypography-root MuiTypography-body1 css-12h6qye-MuiTypography-root">
              </p>
            </div>
          </div>
        </div>
      </div>
    </div>
  </div>
  <div class="MuiGrid-root MuiGrid-container MuiGrid-direction-xs-row MuiGrid-grid-xs-12 css-qc0aqs-MuiGrid-root">
    <div class="MuiGrid-root MuiGrid-direction-xs-row MuiGrid-grid-xs-12 css-yqiqnf-MuiGrid-root">
      <div class="MuiBox-root css-qxh7fn">
        <div class="MuiBox-root css-bmvtgo">
          Showing data for the last time point.
          <br>
          Click the chart to choose a different time point.
        </div>
      </div>
    </div>
    <div class="MuiGrid-root MuiGrid-direction-xs-row MuiGrid-grid-xs-12 css-yqiqnf-MuiGrid-root">
      <div class="MuiBox-root css-19midj6">
        <p class="MuiTypography-root MuiTypography-body1 MuiTypography-alignCenter css-12k2fzb-MuiTypography-root"
           data-testid="empty"
           style="--Typography-textAlign: center;"
        >
          No data to show for this time point.
        </p>
      </div>
    </div>
  </div>
</div>
`;
