// Jest Snapshot v1, https://goo.gl/fbAQLP

exports[`groups/VersionCountTimeline Timeline smoke-test 1`] = `
<div class="MuiGrid-root MuiGrid-container MuiGrid-direction-xs-row MuiGrid-spacing-xs-2 css-mwb7rv-MuiGrid-root">
  <div class="MuiGrid-root MuiGrid-direction-xs-row MuiGrid-grid-xs-12 css-yqiqnf-MuiGrid-root">
    <div class="recharts-wrapper"
         style="position: relative; cursor: default; width: 500px; height: 400px;"
    >
      <div xmlns="http://www.w3.org/1999/xhtml"
           tabindex="-1"
           class="recharts-tooltip-wrapper"
           style="visibility: hidden; pointer-events: none; position: absolute; top: 0px; left: 0px;"
      >
        <div class="custom-tooltip">
          <div class="MuiPaper-root MuiPaper-elevation MuiPaper-rounded MuiPaper-elevation1 css-12jlilq-MuiPaper-root"
               style="--Paper-shadow: 0px 2px 1px -1px rgba(0,0,0,0.2),0px 1px 1px 0px rgba(0,0,0,0.14),0px 1px 3px 0px rgba(0,0,0,0.12);"
          >
            <div class="MuiBox-root css-hpgf8j">
              <p class="MuiTypography-root MuiTypography-body1 css-12h6qye-MuiTypography-root">
              </p>
            </div>
          </div>
        </div>
      </div>
      <svg role="application"
           tabindex="0"
           class="recharts-surface"
           width="500"
           height="400"
           viewbox="0 0 500 400"
           style="width: 100%; height: 100%;"
      >
        <title>
        </title>
        <desc>
        </desc>
        <defs>
          <clipPath id="recharts1-clip">
            <rect x="60"
                  y="10"
                  height="360"
                  width="410"
            >
            </rect>
          </clipPath>
        </defs>
        <g class="recharts-cartesian-grid">
          <g class="recharts-cartesian-grid-horizontal">
            <line stroke-dasharray="3 3"
                  stroke="#ccc"
                  fill="none"
                  x="60"
                  y="10"
                  width="410"
                  height="360"
                  x1="60"
                  y1="370"
                  x2="470"
                  y2="370"
            >
            </line>
            <line stroke-dasharray="3 3"
                  stroke="#ccc"
                  fill="none"
                  x="60"
                  y="10"
                  width="410"
                  height="360"
                  x1="60"
                  y1="280"
                  x2="470"
                  y2="280"
            >
            </line>
            <line stroke-dasharray="3 3"
                  stroke="#ccc"
                  fill="none"
                  x="60"
                  y="10"
                  width="410"
                  height="360"
                  x1="60"
                  y1="190"
                  x2="470"
                  y2="190"
            >
            </line>
            <line stroke-dasharray="3 3"
                  stroke="#ccc"
                  fill="none"
                  x="60"
                  y="10"
                  width="410"
                  height="360"
                  x1="60"
                  y1="100"
                  x2="470"
                  y2="100"
            >
            </line>
            <line stroke-dasharray="3 3"
                  stroke="#ccc"
                  fill="none"
                  x="60"
                  y="10"
                  width="410"
                  height="360"
                  x1="60"
                  y1="10"
                  x2="470"
                  y2="10"
            >
            </line>
          </g>
          <g class="recharts-cartesian-grid-vertical">
            <line stroke-dasharray="3 3"
                  stroke="#ccc"
                  fill="none"
                  x="60"
                  y="10"
                  width="410"
                  height="360"
                  x1="76.18568196400626"
                  y1="10"
                  x2="76.18568196400626"
                  y2="370"
            >
            </line>
            <line stroke-dasharray="3 3"
                  stroke="#ccc"
                  fill="none"
                  x="60"
                  y="10"
                  width="410"
                  height="360"
                  x1="64.63638618935838"
                  y1="10"
                  x2="64.63638618935838"
                  y2="370"
            >
            </line>
            <line stroke-dasharray="3 3"
                  stroke="#ccc"
                  fill="none"
                  x="60"
                  y="10"
                  width="410"
                  height="360"
                  x1="99.28427351330204"
                  y1="10"
                  x2="99.28427351330204"
                  y2="370"
            >
            </line>
            <line stroke-dasharray="3 3"
                  stroke="#ccc"
                  fill="none"
                  x="60"
                  y="10"
                  width="410"
                  height="360"
                  x1="87.73497773865415"
                  y1="10"
                  x2="87.73497773865415"
                  y2="370"
            >
            </line>
            <line stroke-dasharray="3 3"
                  stroke="#ccc"
                  fill="none"
                  x="60"
                  y="10"
                  width="410"
                  height="360"
                  x1="60"
                  y1="10"
                  x2="60"
                  y2="370"
            >
            </line>
            <line stroke-dasharray="3 3"
                  stroke="#ccc"
                  fill="none"
                  x="60"
                  y="10"
                  width="410"
                  height="360"
                  x1="470"
                  y1="10"
                  x2="470"
                  y2="370"
            >
            </line>
          </g>
        </g>
        <g class="recharts-layer recharts-cartesian-axis recharts-xAxis xAxis">
          <line stroke="#000"
                height="30"
                orientation="bottom"
                x="60"
                y="370"
                width="410"
                class="recharts-cartesian-axis-line"
                fill="none"
                x1="60"
                y1="370"
                x2="470"
                y2="370"
          >
          </line>
          <g class="recharts-cartesian-axis-ticks">
            <g class="recharts-layer recharts-cartesian-axis-tick">
              <line stroke="#000"
                    height="30"
                    orientation="bottom"
                    x="60"
                    y="370"
                    width="410"
                    class="recharts-cartesian-axis-tick-line"
                    fill="none"
                    x1="76.18568196400626"
                    y1="376"
                    x2="76.18568196400626"
                    y2="370"
              >
              </line>
              <text stroke="none"
                    height="30"
                    orientation="bottom"
                    width="410"
                    x="76.18568196400626"
                    y="378"
                    class="recharts-text recharts-cartesian-axis-tick-value"
                    text-anchor="middle"
                    fill="#000"
              >
                <tspan x="76.18568196400626"
                       dy="0.71em"
                >
                  06:00 PM
                </tspan>
              </text>
            </g>
            <g class="recharts-layer recharts-cartesian-axis-tick">
              <line stroke="#000"
                    height="30"
                    orientation="bottom"
                    x="60"
                    y="370"
                    width="410"
                    class="recharts-cartesian-axis-tick-line"
                    fill="none"
                    x1="64.63638618935838"
                    y1="376"
                    x2="64.63638618935838"
                    y2="370"
              >
              </line>
              <text stroke="none"
                    height="30"
                    orientation="bottom"
                    width="410"
                    x="64.63638618935838"
                    y="378"
                    class="recharts-text recharts-cartesian-axis-tick-value"
                    text-anchor="middle"
                    fill="#000"
              >
                <tspan x="64.63638618935838"
                       dy="0.71em"
                >
                  12:00 PM
                </tspan>
              </text>
            </g>
            <g class="recharts-layer recharts-cartesian-axis-tick">
              <line stroke="#000"
                    height="30"
                    orientation="bottom"
                    x="60"
                    y="370"
                    width="410"
                    class="recharts-cartesian-axis-tick-line"
                    fill="none"
                    x1="99.28427351330204"
                    y1="376"
                    x2="99.28427351330204"
                    y2="370"
              >
              </line>
              <text stroke="none"
                    height="30"
                    orientation="bottom"
                    width="410"
                    x="99.28427351330204"
                    y="378"
                    class="recharts-text recharts-cartesian-axis-tick-value"
                    text-anchor="middle"
                    fill="#000"
              >
                <tspan x="99.28427351330204"
                       dy="0.71em"
                >
                  06:00 AM
                </tspan>
              </text>
            </g>
            <g class="recharts-layer recharts-cartesian-axis-tick">
              <line stroke="#000"
                    height="30"
                    orientation="bottom"
                    x="60"
                    y="370"
                    width="410"
                    class="recharts-cartesian-axis-tick-line"
                    fill="none"
                    x1="87.73497773865415"
                    y1="376"
                    x2="87.73497773865415"
                    y2="370"
              >
              </line>
              <text stroke="none"
                    height="30"
                    orientation="bottom"
                    width="410"
                    x="87.73497773865415"
                    y="378"
                    class="recharts-text recharts-cartesian-axis-tick-value"
                    text-anchor="middle"
                    fill="#000"
              >
                <tspan x="87.73497773865415"
                       dy="0.71em"
                >
                  Nov 8
                </tspan>
              </text>
            </g>
          </g>
        </g>
        <g class="recharts-layer recharts-cartesian-axis recharts-yAxis yAxis">
          <line stroke="#000"
                orientation="left"
                width="60"
                x="0"
                y="10"
                height="360"
                class="recharts-cartesian-axis-line"
                fill="none"
                x1="60"
                y1="10"
                x2="60"
                y2="370"
          >
          </line>
          <g class="recharts-cartesian-axis-ticks">
            <g class="recharts-layer recharts-cartesian-axis-tick">
              <line stroke="#000"
                    orientation="left"
                    width="60"
                    x="0"
                    y="10"
                    height="360"
                    class="recharts-cartesian-axis-tick-line"
                    fill="none"
                    x1="54"
                    y1="370"
                    x2="60"
                    y2="370"
              >
              </line>
              <text stroke="none"
                    orientation="left"
                    width="60"
                    height="360"
                    x="52"
                    y="370"
                    class="recharts-text recharts-cartesian-axis-tick-value"
                    text-anchor="end"
                    fill="#000"
              >
                <tspan x="52"
                       dy="0.355em"
                >
                  0
                </tspan>
              </text>
            </g>
            <g class="recharts-layer recharts-cartesian-axis-tick">
              <line stroke="#000"
                    orientation="left"
                    width="60"
                    x="0"
                    y="10"
                    height="360"
                    class="recharts-cartesian-axis-tick-line"
                    fill="none"
                    x1="54"
                    y1="280"
                    x2="60"
                    y2="280"
              >
              </line>
              <text stroke="none"
                    orientation="left"
                    width="60"
                    height="360"
                    x="52"
                    y="280"
                    class="recharts-text recharts-cartesian-axis-tick-value"
                    text-anchor="end"
                    fill="#000"
              >
                <tspan x="52"
                       dy="0.355em"
                >
                  55
                </tspan>
              </text>
            </g>
            <g class="recharts-layer recharts-cartesian-axis-tick">
              <line stroke="#000"
                    orientation="left"
                    width="60"
                    x="0"
                    y="10"
                    height="360"
                    class="recharts-cartesian-axis-tick-line"
                    fill="none"
                    x1="54"
                    y1="190"
                    x2="60"
                    y2="190"
              >
              </line>
              <text stroke="none"
                    orientation="left"
                    width="60"
                    height="360"
                    x="52"
                    y="190"
                    class="recharts-text recharts-cartesian-axis-tick-value"
                    text-anchor="end"
                    fill="#000"
              >
                <tspan x="52"
                       dy="0.355em"
                >
                  110
                </tspan>
              </text>
            </g>
            <g class="recharts-layer recharts-cartesian-axis-tick">
              <line stroke="#000"
                    orientation="left"
                    width="60"
                    x="0"
                    y="10"
                    height="360"
                    class="recharts-cartesian-axis-tick-line"
                    fill="none"
                    x1="54"
                    y1="100"
                    x2="60"
                    y2="100"
              >
              </line>
              <text stroke="none"
                    orientation="left"
                    width="60"
                    height="360"
                    x="52"
                    y="100"
                    class="recharts-text recharts-cartesian-axis-tick-value"
                    text-anchor="end"
                    fill="#000"
              >
                <tspan x="52"
                       dy="0.355em"
                >
                  165
                </tspan>
              </text>
            </g>
            <g class="recharts-layer recharts-cartesian-axis-tick">
              <line stroke="#000"
                    orientation="left"
                    width="60"
                    x="0"
                    y="10"
                    height="360"
                    class="recharts-cartesian-axis-tick-line"
                    fill="none"
                    x1="54"
                    y1="10"
                    x2="60"
                    y2="10"
              >
              </line>
              <text stroke="none"
                    orientation="left"
                    width="60"
                    height="360"
                    x="52"
                    y="10"
                    class="recharts-text recharts-cartesian-axis-tick-value"
                    text-anchor="end"
                    fill="#000"
              >
                <tspan x="52"
                       dy="0.355em"
                >
                  220
                </tspan>
              </text>
            </g>
          </g>
        </g>
        <g class="recharts-layer recharts-area">
          <g class="recharts-layer">
            <path cursor="pointer"
                  fill="#dce775"
                  fill-opacity="0.6"
                  height="360"
                  width="410"
                  stroke="none"
                  class="recharts-curve recharts-area-area"
                  d="M60,370C60.642,370,61.283,370,61.925,370C62.567,370,63.208,370,63.85,370C64.491,370,65.133,370,65.775,370C66.416,370,67.058,370,67.7,370C68.341,370,68.983,370,69.624,370C70.266,370,70.908,370,71.549,370C72.191,370,72.833,370,73.474,370C74.116,370,74.757,370,75.399,370C76.041,370,76.682,370,77.324,370C77.966,370,78.607,370,79.249,370C79.89,370,80.532,370,81.174,370C81.815,370,82.457,370,83.099,370C83.74,370,84.382,370,85.023,370C85.665,370,86.307,370,86.948,370C87.59,370,88.232,370,88.873,370C89.515,370,90.156,370,90.798,370C91.44,370,92.081,370,92.723,370C93.365,370,94.006,370,94.648,370C95.29,370,95.931,370,96.573,370C97.214,370,97.856,370,98.498,370C99.139,370,99.781,370,100.423,370C101.064,370,101.706,370,102.347,370C102.989,370,103.631,270.182,104.272,270.182C104.914,270.182,105.556,270.182,106.197,270.182L106.197,370C105.556,370,104.914,370,104.272,370C103.631,370,102.989,370,102.347,370C101.706,370,101.064,370,100.423,370C99.781,370,99.139,370,98.498,370C97.856,370,97.214,370,96.573,370C95.931,370,95.29,370,94.648,370C94.006,370,93.365,370,92.723,370C92.081,370,91.44,370,90.798,370C90.156,370,89.515,370,88.873,370C88.232,370,87.59,370,86.948,370C86.307,370,85.665,370,85.023,370C84.382,370,83.74,370,83.099,370C82.457,370,81.815,370,81.174,370C80.532,370,79.89,370,79.249,370C78.607,370,77.966,370,77.324,370C76.682,370,76.041,370,75.399,370C74.757,370,74.116,370,73.474,370C72.833,370,72.191,370,71.549,370C70.908,370,70.266,370,69.624,370C68.983,370,68.341,370,67.7,370C67.058,370,66.416,370,65.775,370C65.133,370,64.491,370,63.85,370C63.208,370,62.567,370,61.925,370C61.283,370,60.642,370,60,370Z"
            >
            </path>
            <path cursor="pointer"
                  fill="none"
                  fill-opacity="0.6"
                  height="360"
                  stroke="#dce775"
                  width="410"
                  class="recharts-curve recharts-area-curve"
                  d="M60,370C60.642,370,61.283,370,61.925,370C62.567,370,63.208,370,63.85,370C64.491,370,65.133,370,65.775,370C66.416,370,67.058,370,67.7,370C68.341,370,68.983,370,69.624,370C70.266,370,70.908,370,71.549,370C72.191,370,72.833,370,73.474,370C74.116,370,74.757,370,75.399,370C76.041,370,76.682,370,77.324,370C77.966,370,78.607,370,79.249,370C79.89,370,80.532,370,81.174,370C81.815,370,82.457,370,83.099,370C83.74,370,84.382,370,85.023,370C85.665,370,86.307,370,86.948,370C87.59,370,88.232,370,88.873,370C89.515,370,90.156,370,90.798,370C91.44,370,92.081,370,92.723,370C93.365,370,94.006,370,94.648,370C95.29,370,95.931,370,96.573,370C97.214,370,97.856,370,98.498,370C99.139,370,99.781,370,100.423,370C101.064,370,101.706,370,102.347,370C102.989,370,103.631,270.182,104.272,270.182C104.914,270.182,105.556,270.182,106.197,270.182"
            >
            </path>
          </g>
        </g>
        <g class="recharts-layer recharts-area">
          <g class="recharts-layer">
            <path cursor="pointer"
                  fill="#2C98F0"
                  fill-opacity="0.6"
                  height="360"
                  width="410"
                  stroke="none"
                  class="recharts-curve recharts-area-area"
                  d="M60,370C60.642,370,61.283,370,61.925,370C62.567,370,63.208,370,63.85,370C64.491,370,65.133,370,65.775,370C66.416,370,67.058,370,67.7,370C68.341,370,68.983,370,69.624,370C70.266,370,70.908,370,71.549,370C72.191,370,72.833,370,73.474,370C74.116,370,74.757,370,75.399,370C76.041,370,76.682,370,77.324,370C77.966,370,78.607,370,79.249,370C79.89,370,80.532,370,81.174,370C81.815,370,82.457,370,83.099,370C83.74,370,84.382,370,85.023,370C85.665,370,86.307,370,86.948,370C87.59,370,88.232,370,88.873,370C89.515,370,90.156,370,90.798,370C91.44,370,92.081,370,92.723,370C93.365,370,94.006,370,94.648,370C95.29,370,95.931,370,96.573,370C97.214,370,97.856,370,98.498,370C99.139,370,99.781,370,100.423,370C101.064,370,101.706,370,102.347,370C102.989,370,103.631,21.455,104.272,21.455C104.914,21.455,105.556,21.455,106.197,21.455L106.197,270.182C105.556,270.182,104.914,270.182,104.272,270.182C103.631,270.182,102.989,370,102.347,370C101.706,370,101.064,370,100.423,370C99.781,370,99.139,370,98.498,370C97.856,370,97.214,370,96.573,370C95.931,370,95.29,370,94.648,370C94.006,370,93.365,370,92.723,370C92.081,370,91.44,370,90.798,370C90.156,370,89.515,370,88.873,370C88.232,370,87.59,370,86.948,370C86.307,370,85.665,370,85.023,370C84.382,370,83.74,370,83.099,370C82.457,370,81.815,370,81.174,370C80.532,370,79.89,370,79.249,370C78.607,370,77.966,370,77.324,370C76.682,370,76.041,370,75.399,370C74.757,370,74.116,370,73.474,370C72.833,370,72.191,370,71.549,370C70.908,370,70.266,370,69.624,370C68.983,370,68.341,370,67.7,370C67.058,370,66.416,370,65.775,370C65.133,370,64.491,370,63.85,370C63.208,370,62.567,370,61.925,370C61.283,370,60.642,370,60,370Z"
            >
            </path>
            <path cursor="pointer"
                  fill="none"
                  fill-opacity="0.6"
                  height="360"
                  stroke="#2C98F0"
                  width="410"
                  class="recharts-curve recharts-area-curve"
                  d="M60,370C60.642,370,61.283,370,61.925,370C62.567,370,63.208,370,63.85,370C64.491,370,65.133,370,65.775,370C66.416,370,67.058,370,67.7,370C68.341,370,68.983,370,69.624,370C70.266,370,70.908,370,71.549,370C72.191,370,72.833,370,73.474,370C74.116,370,74.757,370,75.399,370C76.041,370,76.682,370,77.324,370C77.966,370,78.607,370,79.249,370C79.89,370,80.532,370,81.174,370C81.815,370,82.457,370,83.099,370C83.74,370,84.382,370,85.023,370C85.665,370,86.307,370,86.948,370C87.59,370,88.232,370,88.873,370C89.515,370,90.156,370,90.798,370C91.44,370,92.081,370,92.723,370C93.365,370,94.006,370,94.648,370C95.29,370,95.931,370,96.573,370C97.214,370,97.856,370,98.498,370C99.139,370,99.781,370,100.423,370C101.064,370,101.706,370,102.347,370C102.989,370,103.631,21.455,104.272,21.455C104.914,21.455,105.556,21.455,106.197,21.455"
            >
            </path>
          </g>
        </g>
      </svg>
    </div>
  </div>
  <div class="MuiGrid-root MuiGrid-container MuiGrid-direction-xs-row MuiGrid-grid-xs-12 css-qc0aqs-MuiGrid-root">
    <div class="MuiGrid-root MuiGrid-direction-xs-row MuiGrid-grid-xs-12 css-yqiqnf-MuiGrid-root">
      <div class="MuiBox-root css-qxh7fn">
        <div class="MuiBox-root css-bmvtgo">
          Showing data for the last time point.
          <br>
          Click the chart to choose a different time point.
        </div>
      </div>
    </div>
    <div class="MuiGrid-root MuiGrid-direction-xs-row MuiGrid-grid-xs-11 css-1rfd9gy-MuiGrid-root">
      <table class="MuiTable-root css-1ybyiew-MuiTable-root">
        <thead class="MuiTableHead-root css-1a7iywq-MuiTableHead-root">
          <tr class="MuiTableRow-root MuiTableRow-head css-gg5lq5-MuiTableRow-root">
            <th class="MuiTableCell-root MuiTableCell-head MuiTableCell-sizeMedium css-1ghcho9-MuiTableCell-root"
                scope="col"
            >
              Version
            </th>
            <th class="MuiTableCell-root MuiTableCell-head MuiTableCell-sizeMedium css-1ghcho9-MuiTableCell-root"
                scope="col"
            >
              Count
            </th>
            <th class="MuiTableCell-root MuiTableCell-head MuiTableCell-sizeMedium css-1ghcho9-MuiTableCell-root"
                scope="col"
            >
              Percentage
            </th>
          </tr>
        </thead>
        <tbody class="MuiTableBody-root css-gmh7jj-MuiTableBody-root">
          <tr class="MuiTableRow-root css-gg5lq5-MuiTableRow-root">
            <td class="MuiTableCell-root MuiTableCell-body MuiTableCell-sizeMedium css-zihrmi-MuiTableCell-root">
              <svg xmlns="http://www.w3.org/2000/svg"
                   xmlns:xlink="http://www.w3.org/1999/xlink"
                   aria-hidden="true"
                   role="img"
                   width="15"
                   height="15"
                   viewbox="0 0 24 24"
                   style="color: rgb(44, 152, 240); vertical-align: -0.125em;"
              >
                <path fill="currentColor"
                      d="M3 3v18h18V3"
                >
                </path>
              </svg>
              &nbsp;2191.5.0
            </td>
            <td class="MuiTableCell-root MuiTableCell-body MuiTableCell-sizeMedium css-zihrmi-MuiTableCell-root">
              152
            </td>
            <td class="MuiTableCell-root MuiTableCell-body MuiTableCell-sizeMedium css-zihrmi-MuiTableCell-root">
              71.4
            </td>
          </tr>
          <tr class="MuiTableRow-root css-gg5lq5-MuiTableRow-root">
            <td class="MuiTableCell-root MuiTableCell-body MuiTableCell-sizeMedium css-zihrmi-MuiTableCell-root">
              <svg xmlns="http://www.w3.org/2000/svg"
                   xmlns:xlink="http://www.w3.org/1999/xlink"
                   aria-hidden="true"
                   role="img"
                   width="15"
                   height="15"
                   viewbox="0 0 24 24"
                   style="color: rgb(220, 231, 117); vertical-align: -0.125em;"
              >
                <path fill="currentColor"
                      d="M3 3v18h18V3"
                >
                </path>
              </svg>
              &nbsp;0.0.0
            </td>
            <td class="MuiTableCell-root MuiTableCell-body MuiTableCell-sizeMedium css-zihrmi-MuiTableCell-root">
              61
            </td>
            <td class="MuiTableCell-root MuiTableCell-body MuiTableCell-sizeMedium css-zihrmi-MuiTableCell-root">
              28.6
            </td>
          </tr>
        </tbody>
      </table>
    </div>
  </div>
</div>
`;
