// Jest Snapshot v1, https://goo.gl/fbAQLP

exports[`channels/ChannelAvatar White smoke-test 1`] = `
<div class="MuiAvatar-root MuiAvatar-circular MuiAvatar-colorDefault stable-makeStyles-colorAvatar-1 stable-makeStyles-colorAvatar-2 css-jmdkhx-MuiAvatar-root">
  ABC
</div>
`;
