// Jest Snapshot v1, https://goo.gl/fbAQLP

exports[`activity/ActivityList BetaList smoke-test 1`] = `
<p class="MuiTypography-root MuiTypography-body1 css-1c4wxug-MuiTypography-root">
  Wednesday, May 13, 2020
</p>
<ul class="MuiList-root MuiList-padding css-b7dj7n-MuiList-root">
  <li class="MuiListItem-root MuiListItem-padding MuiListItem-alignItemsFlexStart css-kd2s28-MuiListItem-root">
    <div class="MuiGrid-root MuiGrid-container MuiGrid-direction-xs-row css-tqvfrr-MuiGrid-root">
      <div class="MuiGrid-root MuiGrid-direction-xs-row MuiGrid-grid-xs-10 css-r13beu-MuiGrid-root">
        <div class="MuiBox-root css-geek62">
          <div class="MuiBox-root css-12z0wuy">
            <svg xmlns="http://www.w3.org/2000/svg"
                 xmlns:xlink="http://www.w3.org/1999/xlink"
                 aria-hidden="true"
                 role="img"
                 width="30px"
                 height="30px"
                 viewbox="0 0 24 24"
                 style="color: rgb(0, 211, 255);"
            >
              <path fill="currentColor"
                    d="M11 15h2v2h-2v-2m0-8h2v6h-2V7m1-5C6.47 2 2 6.5 2 12a10 10 0 0 0 10 10a10 10 0 0 0 10-10A10 10 0 0 0 12 2m0 18a8 8 0 0 1-8-8a8 8 0 0 1 8-8a8 8 0 0 1 8 8a8 8 0 0 1-8 8Z"
              >
              </path>
            </svg>
          </div>
          <div class="MuiBox-root css-0">
            <p class="MuiTypography-root MuiTypography-body1 css-10o1zsr-MuiTypography-root">
              ABC
            </p>
          </div>
        </div>
      </div>
      <div class="MuiGrid-root MuiGrid-direction-xs-row MuiGrid-grid-xs-2 css-15bfe7d-MuiGrid-root">
        <p class="MuiTypography-root MuiTypography-body1 css-1nwggdl-MuiTypography-root">
          02:56 PM
        </p>
      </div>
      <div class="MuiGrid-root MuiGrid-direction-xs-row css-17fpwt7-MuiGrid-root">
        Channel beta is now pointing to version 0.0.0
      </div>
    </div>
  </li>
  <li class="MuiListItem-root MuiListItem-padding MuiListItem-alignItemsFlexStart css-kd2s28-MuiListItem-root">
    <div class="MuiGrid-root MuiGrid-container MuiGrid-direction-xs-row css-tqvfrr-MuiGrid-root">
      <div class="MuiGrid-root MuiGrid-direction-xs-row MuiGrid-grid-xs-10 css-r13beu-MuiGrid-root">
        <div class="MuiBox-root css-geek62">
          <div class="MuiBox-root css-12z0wuy">
            <svg xmlns="http://www.w3.org/2000/svg"
                 xmlns:xlink="http://www.w3.org/1999/xlink"
                 aria-hidden="true"
                 role="img"
                 width="30px"
                 height="30px"
                 viewbox="0 0 24 24"
                 style="color: rgb(0, 211, 255);"
            >
              <path fill="currentColor"
                    d="M11 15h2v2h-2v-2m0-8h2v6h-2V7m1-5C6.47 2 2 6.5 2 12a10 10 0 0 0 10 10a10 10 0 0 0 10-10A10 10 0 0 0 12 2m0 18a8 8 0 0 1-8-8a8 8 0 0 1 8-8a8 8 0 0 1 8 8a8 8 0 0 1-8 8Z"
              >
              </path>
            </svg>
          </div>
          <div class="MuiBox-root css-0">
            <p class="MuiTypography-root MuiTypography-body1 css-10o1zsr-MuiTypography-root">
              DEF
            </p>
          </div>
        </div>
      </div>
      <div class="MuiGrid-root MuiGrid-direction-xs-row MuiGrid-grid-xs-2 css-15bfe7d-MuiGrid-root">
        <p class="MuiTypography-root MuiTypography-body1 css-1nwggdl-MuiTypography-root">
          02:55 PM
        </p>
      </div>
      <div class="MuiGrid-root MuiGrid-direction-xs-row css-17fpwt7-MuiGrid-root">
        Channel beta is now pointing to version 0.0.0
      </div>
    </div>
  </li>
</ul>
`;

exports[`activity/ActivityList Empty smoke-test 1`] = `
<p class="MuiTypography-root MuiTypography-body1 css-1c4wxug-MuiTypography-root">
  Wednesday, May 13, 2020
</p>
<ul class="MuiList-root MuiList-padding css-b7dj7n-MuiList-root">
</ul>
`;
