// Jest Snapshot v1, https://goo.gl/fbAQLP

exports[`Application List should render list correctly with data 1`] = `
<DocumentFragment>
  <div
    class="MuiGrid-root makeStyles-sectionHeader-2 MuiGrid-container MuiGrid-align-items-xs-flex-start MuiGrid-justify-xs-space-between"
  >
    <div
      class="MuiGrid-root MuiGrid-item"
    >
      <div
        class="MuiBox-root MuiBox-root-107"
      >
        <h4
          class="MuiTypography-root MuiTypography-h4"
        >
          Applications
        </h4>
      </div>
    </div>
    <div
      class="MuiGrid-root MuiGrid-item"
    >
      <div>
        <button
          aria-label="add"
          class="MuiButtonBase-root MuiIconButton-root MuiIconButton-sizeSmall"
          data-testid="modal-button"
          tabindex="0"
          type="button"
        >
          <span
            class="MuiIconButton-label"
          >
            <svg
              aria-hidden="true"
              class="MuiSvgIcon-root makeStyles-root-138 MuiSvgIcon-fontSizeLarge"
              focusable="false"
              role="presentation"
              viewBox="0 0 24 24"
            >
              <path
                d="M19 13h-6v6h-2v-6H5v-2h6V5h2v6h6v2z"
              />
            </svg>
          </span>
          <span
            class="MuiTouchRipple-root"
          />
        </button>
      </div>
    </div>
  </div>
  <div
    class="MuiPaper-root MuiPaper-elevation1 MuiPaper-rounded"
  >
    <ul
      class="MuiList-root List-root-1 MuiList-padding"
    >
      <hr
        class="MuiDivider-root makeStyles-outterDivider-209"
        data-testid="list-item-divider"
      />
      <li
        class="MuiListItem-root makeStyles-root-207"
        data-testid="list-item"
      >
        <div
          class="MuiGrid-root MuiGrid-container"
        >
          <div
            class="MuiGrid-root MuiGrid-item MuiGrid-grid-xs-12"
          >
            <div
              class="MuiGrid-root makeStyles-gridHeader-228 MuiGrid-container MuiGrid-justify-xs-space-between"
            >
              <div
                class="MuiGrid-root MuiGrid-container MuiGrid-spacing-xs-1 MuiGrid-item MuiGrid-align-items-xs-center MuiGrid-justify-xs-space-between"
              >
                <div
                  class="MuiGrid-root MuiGrid-item MuiGrid-grid-xs-12"
                >
                  <a
                    class="MuiTypography-root MuiLink-root MuiLink-underlineHover makeStyles-mainLink-230 MuiTypography-colorPrimary"
                    href="/apps/123"
                  >
                    ABC
                  </a>
                </div>
                <div
                  class="MuiGrid-root MuiGrid-item MuiGrid-grid-xs-12"
                >
                  <div
                    class="MuiBox-root MuiBox-root-243"
                  >
                    <p
                      arial-label="group-id"
                      class="MuiTypography-root makeStyles-idLabel-233 MuiTypography-body1 MuiTypography-noWrap"
                    >
                      123
                    </p>
                  </div>
                  <div
                    class="MuiBox-root MuiBox-root-245"
                  >
                    <span
                      class="MuiTypography-root makeStyles-descriptionLabel-232 MuiTypography-body1"
                    >
                      App Item Description
                    </span>
                  </div>
                </div>
              </div>
              <div
                class="MuiGrid-root MuiGrid-item"
              >
                <div>
                  <button
                    aria-controls="simple-menu"
                    aria-haspopup="true"
                    class="MuiButtonBase-root MuiIconButton-root MuiIconButton-edgeEnd"
                    data-testid="more-menu-open-button"
                    tabindex="0"
                    type="button"
                  >
                    <span
                      class="MuiIconButton-label"
                    >
                      <svg
                        aria-hidden="true"
                        class="MuiSvgIcon-root"
                        focusable="false"
                        role="presentation"
                        viewBox="0 0 24 24"
                      >
                        <path
                          d="M12 8c1.1 0 2-.9 2-2s-.9-2-2-2-2 .9-2 2 .9 2 2 2zm0 2c-1.1 0-2 .9-2 2s.9 2 2 2 2-.9 2-2-.9-2-2-2zm0 6c-1.1 0-2 .9-2 2s.9 2 2 2 2-.9 2-2-.9-2-2-2z"
                        />
                      </svg>
                    </span>
                    <span
                      class="MuiTouchRipple-root"
                    />
                  </button>
                </div>
              </div>
            </div>
            <hr
              class="MuiDivider-root makeStyles-innerDivider-234 MuiDivider-light"
            />
          </div>
          <div
            class="MuiGrid-root MuiGrid-item MuiGrid-grid-xs-12"
          >
            <div
              class="MuiGrid-root makeStyles-itemSection-208 MuiGrid-container"
            >
              <div
                class="MuiGrid-root MuiGrid-item MuiGrid-grid-xs-4"
              >
                <div
                  class="MuiBox-root MuiBox-root-250"
                >
                  <span
                    class="MuiTypography-root makeStyles-featureLabel-231 MuiTypography-body1"
                  >
                    INSTANCES
                  </span>
                  <span
                    class="MuiTypography-root makeStyles-label-235 makeStyles-label-252 MuiTypography-body1"
                  >
                    <h5
                      class="MuiTypography-root MuiTypography-h5"
                    >
                      1
                    </h5>
                    <div
                      class="MuiBox-root MuiBox-root-253"
                    >
                      <svg
                        aria-hidden="true"
                        class="MuiSvgIcon-root MuiSvgIcon-colorDisabled"
                        focusable="false"
                        role="presentation"
                        viewBox="0 0 24 24"
                      >
                        <path
                          d="M11.99 2C6.47 2 2 6.48 2 12s4.47 10 9.99 10C17.52 22 22 17.52 22 12S17.52 2 11.99 2zM12 20c-4.42 0-8-3.58-8-8s3.58-8 8-8 8 3.58 8 8-3.58 8-8 8z"
                        />
                        <path
                          d="M12.5 7H11v6l5.25 3.15.75-1.23-4.5-2.67z"
                        />
                      </svg>
                      <div
                        class="MuiBox-root MuiBox-root-254"
                      >
                        <h6
                          class="MuiTypography-root MuiTypography-subtitle1"
                        >
                          last 24 hours
                        </h6>
                      </div>
                    </div>
                  </span>
                </div>
              </div>
              <div
                class="MuiBox-root MuiBox-root-255"
              >
                <hr
                  class="MuiDivider-root MuiDivider-vertical"
                />
              </div>
              <div
                class="MuiGrid-root MuiGrid-item MuiGrid-grid-xs-7"
              >
                <div
                  class="MuiBox-root MuiBox-root-256"
                >
                  <span
                    class="MuiTypography-root makeStyles-featureLabel-231 MuiTypography-body1"
                  >
                    Groups
                  </span>
                  <div
                    class="MuiBox-root MuiBox-root-258"
                  >
                    <span
                      class="MuiTypography-root makeStyles-label-235 makeStyles-label-259 MuiTypography-body1"
                    >
                      None
                    </span>
                  </div>
                </div>
              </div>
            </div>
          </div>
        </div>
      </li>
    </ul>
  </div>
</DocumentFragment>
`;
