// Jest Snapshot v1, https://goo.gl/fbAQLP

exports[`List Header should render correct List Header actions 1`] = `
<DocumentFragment>
  <div
    class="MuiGrid-root makeStyles-sectionHeader-137 MuiGrid-container MuiGrid-align-items-xs-flex-start MuiGrid-justify-xs-space-between"
  >
    <div
      class="MuiGrid-root MuiGrid-item"
    >
      <div>
        <button
          aria-label="add"
          class="MuiButtonBase-root MuiIconButton-root MuiIconButton-sizeSmall"
          data-testid="modal-button"
          tabindex="0"
          type="button"
        >
          <span
            class="MuiIconButton-label"
          >
            <svg
              aria-hidden="true"
              class="MuiSvgIcon-root makeStyles-root-241 MuiSvgIcon-fontSizeLarge"
              focusable="false"
              role="presentation"
              viewBox="0 0 24 24"
            >
              <path
                d="M19 13h-6v6h-2v-6H5v-2h6V5h2v6h6v2z"
              />
            </svg>
          </span>
          <span
            class="MuiTouchRipple-root"
          />
        </button>
      </div>
    </div>
  </div>
</DocumentFragment>
`;
